// Jest Snapshot v1, https://goo.gl/fbAQLP

exports[`A full correct declaration 1`] = `
Object {
  "authors": "[{\\"discernmentTroubles\\":[\\"Prise d’alcool\\"],\\"type\\":{\\"label\\":\\"Inconnu\\",\\"value\\":\\"Inconnu\\"},\\"gender\\":{\\"label\\":\\"Féminin\\",\\"value\\":\\"Féminin\\"},\\"age\\":{\\"label\\":\\"+ de 18 ans\\",\\"value\\":\\"+ de 18 ans\\"}}]",
  "date": "2020-09-09",
  "declarant_contact_agreement": "true",
  "declarant_email": "marie.dupuis@gmail.com",
  "declarant_external_id": "12345678901",
  "declarant_names": "mom",
  "declarant_tel": "0202020202",
  "description": "Voici ce qui s'est passé...",
  "fact_types": "[\\"Atteinte aux personnes\\",\\"Atteinte aux biens\\"]",
  "fg_deteriorations": "[]",
  "fg_groups": "[\\"Vol avec effraction\\",\\"Autres faits\\"]",
  "fg_others": "[\\"Escroquerie\\"]",
  "fg_steal_with_breakins": "[\\"Informations\\",\\"Vol à main armée\\"]",
  "fg_steal_without_breakins": "[]",
  "fp_discriminations": "[]",
  "fp_groups": "[\\"Les auteurs n’ont pas respecté les règles du lieu / ont eu un comportement incivique\\",\\"Autres faits\\"]",
  "fp_no_respects": "[\\"Nuisance, chahut, fugue\\",\\"Consommation ou détention sur place d’alcool et/ou de produits stupéfiants pour son propre usage sexuel\\"]",
  "fp_others": "[\\"Atteinte au respect dû aux morts\\"]",
  "fp_physical_violences": "[]",
  "fp_psychological_violences": "[]",
  "fp_sexual_violences": "[]",
  "fp_spoken_violences": "[]",
  "hour": "Matin (7h-12h)",
  "job": "Chiropracteur",
  "location": "Cabinet individuel",
  "pursuit": "Plainte",
  "pursuit_by": "[\\"L'ordre\\"]",
  "r_cause_patients": "[\\"De paiement\\"]",
  "r_cause_professionals": "[\\"De soins\\"]",
  "r_deficient_communications": "[]",
  "r_discords": "[\\"Entre les professionnels\\"]",
  "r_falsifications": "[]",
  "r_life_rules": "[]",
  "r_others": "[\\"Autre\\"]",
  "third_party": "Autre",
  "town": "vincennes",
  "victims": "[{\\"type\\":{\\"label\\":\\"Étudiant en santé\\",\\"value\\":\\"Étudiant en santé\\"},\\"gender\\":{\\"label\\":\\"Masculin\\",\\"value\\":\\"Masculin\\"},\\"age\\":{\\"label\\":\\"- de 18 ans\\",\\"value\\":\\"- de 18 ans\\"},\\"sickLeaveDays\\":1,\\"hospitalizationDays\\":0,\\"ITTDays\\":0,\\"healthJob\\":{\\"label\\":\\"Ambulancier\\",\\"value\\":\\"Ambulancier\\"}},{\\"type\\":{\\"label\\":\\"Détenu\\",\\"value\\":\\"Détenu\\"},\\"gender\\":{\\"label\\":\\"Féminin\\",\\"value\\":\\"Féminin\\"},\\"age\\":{\\"label\\":\\"- de 18 ans\\",\\"value\\":\\"- de 18 ans\\"},\\"sickLeaveDays\\":1,\\"hospitalizationDays\\":0,\\"ITTDays\\":0}]",
}
`;
